<html>
<body>
<pre>
<h1>µVision Build Log</h1>
<h2>Tool Versions:</h2>
IDE-Version: µVision V5.24.2.0
Copyright (C) 2017 ARM Ltd and ARM Germany GmbH. All rights reserved.
License Information: 1 1, 1, LIC=----
 
Tool Versions:
Toolchain:       MDK-Lite  Version: 5.24.1
Toolchain Path:  C:\Keil_v5\ARM\ARMCC\Bin
C Compiler:      Armcc.exe V5.06 update 5 (build 528)
Assembler:       Armasm.exe V5.06 update 5 (build 528)
Linker/Locator:  ArmLink.exe V5.06 update 5 (build 528)
Library Manager: ArmAr.exe V5.06 update 5 (build 528)
Hex Converter:   FromElf.exe V5.06 update 5 (build 528)
CPU DLL:         SARMCM3.DLL V5.24.1
Dialog DLL:      DARMCM1.DLL V1.18.0.0
Target DLL:      STLink\ST-LINKIII-KEIL_SWO.dll V3.0.1.0
Dialog DLL:      TARMCM1.DLL V1.13.0.0
 
<h2>Project:</h2>
D:\my_project\stm32\34_Param\Test_param\test_param\MDK-ARM\test_param.uvprojx
Project File Date:  04/08/2023

<h2>Output:</h2>
*** Using Compiler 'V5.06 update 5 (build 528)', folder: 'C:\Keil_v5\ARM\ARMCC\Bin'
Build target 'test_param'
compiling param.c...
..\..\..\param_lib\src\param.c(143): warning:  #940-D: missing return statement at end of non-void function "Param_TransmitByte_callback" 
  }
..\..\..\param_lib\src\param.c(160): warning:  #1-D: last line of file ends without a newline
  }
..\..\..\param_lib\src\param.c(25): warning:  #177-D: variable "buff"  was declared but never referenced
  static uint8_t buff[BUFF_MAX_SIZE];
..\..\..\param_lib\src\param.c(30): warning:  #177-D: variable "timer_us"  was declared but never referenced
  static uint32_t timer_us = 0;
..\..\..\param_lib\src\param.c(31): warning:  #177-D: variable "timer_s"  was declared but never referenced
  static uint32_t timer_s = 0;
..\..\..\param_lib\src\param.c(36): warning:  #177-D: function "GetBuff_"  was declared but never referenced
  static void GetBuff_(uint32_t size)
..\..\..\param_lib\src\param.c(47): warning:  #177-D: function "FreeBuff"  was declared but never referenced
  static void FreeBuff(void *buff)
..\..\..\param_lib\src\param.c(54): warning:  #177-D: function "Update_Stat_"  was declared but never referenced
  static void Update_Stat_(void)
..\..\..\param_lib\src\param.c(58): warning:  #177-D: function "SetError"  was declared but never referenced
  static void SetError(uint8_t errN)
..\..\..\param_lib\src\param.c(63): warning:  #177-D: function "SendBuff_"  was declared but never referenced
  static void SendBuff_(void)
..\..\..\param_lib\src\param.c(69): warning:  #177-D: function "ParseBuff_"  was declared but never referenced
  static void ParseBuff_(void)	
..\..\..\param_lib\src\param.c: 11 warnings, 0 errors
linking...
Program Size: Code=4112 RO-data=260 RW-data=16 ZI-data=1632  
FromELF: creating hex file...
"test_param\test_param.axf" - 0 Error(s), 11 Warning(s).

<h2>Software Packages used:</h2>

Package Vendor: ARM
                http://www.keil.com/pack/ARM.CMSIS.5.0.1.pack
                ARM.CMSIS.5.0.1
                CMSIS (Cortex Microcontroller Software Interface Standard)
   * Component: CORE Version: 5.0.1

Package Vendor: Keil
                http://www.keil.com/pack/Keil.STM32L0xx_DFP.2.2.0.pack
                Keil.STM32L0xx_DFP.2.2.0
                STMicroelectronics STM32L0 Series Device Support, Drivers and Examples

<h2>Collection of Component include folders:</h2>
  .\RTE\_test_param
  C:\Keil_v5\ARM\PACK\ARM\CMSIS\5.0.1\CMSIS\Include
  C:\Keil_v5\ARM\PACK\Keil\STM32L0xx_DFP\2.2.0\Drivers\CMSIS\Device\ST\STM32L0xx\Include

<h2>Collection of Component Files used:</h2>

   * Component: ARM::CMSIS:CORE:5.0.1
Build Time Elapsed:  00:00:01
</pre>
</body>
</html>
