
Discarded input sections

 .data          0x00000000        0x0 ./build/init.o
 .bss           0x00000000        0x0 ./build/init.o
 .data          0x00000000        0x0 ./build/main.o
 .bss           0x00000000        0x0 ./build/main.o

Memory Configuration

Name             Origin             Length             Attributes
ROM              0x08000000         0x00000400         xr
SRAM             0x20000000         0x00000400         xrw
SRAM_PRG         0x20000400         0x00000400         xrw
*default*        0x00000000         0xffffffff

Linker script and memory map

LOAD ./build/init.o
LOAD ./build/main.o
                0x20000400                _estack = (0x400 + ORIGIN (SRAM))

.isr_vector     0x08000000       0x10
 *(.isr_vector)
 .isr_vector    0x08000000       0x10 ./build/init.o
                0x08000000                vectors

.text           0x08000010       0x38
                0x08000010                . = ALIGN (0x4)
 *(.text)
 .text          0x08000010        0x6 ./build/init.o
                0x08000010                NMI_Handler
                0x08000010                Default_Handler
                0x08000010                HardFault_Handler
                0x08000012                Reset_Handler
 *fill*         0x08000016        0x2 
 .text          0x08000018       0x28 ./build/main.o
 *(.rodata)
 .rodata        0x08000040        0x8 ./build/main.o
OUTPUT(./build/boot_STM32_L011D4Px.elf elf32-littlearm)

.glue_7         0x08000048        0x0
 .glue_7        0x00000000        0x0 linker stubs

.glue_7t        0x08000048        0x0
 .glue_7t       0x00000000        0x0 linker stubs

.vfp11_veneer   0x08000048        0x0
 .vfp11_veneer  0x00000000        0x0 linker stubs

.v4_bx          0x08000048        0x0
 .v4_bx         0x00000000        0x0 linker stubs

.iplt           0x08000048        0x0
 .iplt          0x00000000        0x0 ./build/init.o

.text.startup   0x08000048      0x1a8
 .text.startup  0x08000048      0x1a8 ./build/main.o
                0x08000048                main

.consts         0x080001f0        0x9
 .consts        0x080001f0        0x9 ./build/main.o
                0x080001f0                vers

.igot.plt       0x080001fc        0x0
 .igot.plt      0x00000000        0x0 ./build/init.o

.rel.dyn        0x080001fc        0x0
 .rel.iplt      0x00000000        0x0 ./build/init.o

.debug_info     0x00000000      0x8c5
 .debug_info    0x00000000       0x92 ./build/init.o
 .debug_info    0x00000092      0x833 ./build/main.o

.debug_abbrev   0x00000000      0x2fb
 .debug_abbrev  0x00000000       0xa4 ./build/init.o
 .debug_abbrev  0x000000a4      0x257 ./build/main.o

.debug_aranges  0x00000000       0x48
 .debug_aranges
                0x00000000       0x20 ./build/init.o
 .debug_aranges
                0x00000020       0x28 ./build/main.o

.debug_line     0x00000000      0x212
 .debug_line    0x00000000       0x3f ./build/init.o
 .debug_line    0x0000003f      0x1d3 ./build/main.o

.debug_str      0x00000000      0x3da
 .debug_str     0x00000000       0xef ./build/init.o
 .debug_str     0x000000ef      0x2eb ./build/main.o
                                0x3f6 (size before relaxing)

.comment        0x00000000       0x70
 .comment       0x00000000       0x70 ./build/init.o
                                 0x71 (size before relaxing)
 .comment       0x00000000       0x71 ./build/main.o

.ARM.attributes
                0x00000000       0x31
 .ARM.attributes
                0x00000000       0x31 ./build/init.o
 .ARM.attributes
                0x00000031       0x31 ./build/main.o

.debug_frame    0x00000000       0x74
 .debug_frame   0x00000000       0x30 ./build/init.o
 .debug_frame   0x00000030       0x44 ./build/main.o

.debug_loc      0x00000000      0x33a
 .debug_loc     0x00000000      0x33a ./build/main.o

.debug_ranges   0x00000000       0x60
 .debug_ranges  0x00000000       0x60 ./build/main.o
